// Vitest Snapshot v1, https://vitest.dev/guide/snapshot.html

exports[`successfully parses input calldata for a chain created with RollupCreator v1.1 1`] = `
[
  {
    "batchPoster": "0x3C3A5b44FAB0e2025160a765348c21C08e41d1Af",
    "config": {
      "baseStake": 100000000000000000n,
      "chainConfig": "{\\"homesteadBlock\\":0,\\"daoForkBlock\\":null,\\"daoForkSupport\\":true,\\"eip150Block\\":0,\\"eip150Hash\\":\\"0x0000000000000000000000000000000000000000000000000000000000000000\\",\\"eip155Block\\":0,\\"eip158Block\\":0,\\"byzantiumBlock\\":0,\\"constantinopleBlock\\":0,\\"petersburgBlock\\":0,\\"istanbulBlock\\":0,\\"muirGlacierBlock\\":0,\\"berlinBlock\\":0,\\"londonBlock\\":0,\\"clique\\":{\\"period\\":0,\\"epoch\\":0},\\"arbitrum\\":{\\"EnableArbOS\\":true,\\"AllowDebugPrecompiles\\":false,\\"DataAvailabilityCommittee\\":true,\\"InitialArbOSVersion\\":20,\\"GenesisBlockNum\\":0,\\"MaxCodeSize\\":24576,\\"MaxInitCodeSize\\":49152,\\"InitialChainOwner\\":\\"0x41C966f99De0cA6F6531fbcAc9Db7eaBDF119744\\"},\\"chainId\\":30046249195}",
      "chainId": 30046249195n,
      "confirmPeriodBlocks": 150n,
      "extraChallengeTimeBlocks": 0n,
      "genesisBlockNum": 0n,
      "loserStakeEscrow": "0x0000000000000000000000000000000000000000",
      "owner": "0x41C966f99De0cA6F6531fbcAc9Db7eaBDF119744",
      "sequencerInboxMaxTimeVariation": {
        "delayBlocks": 28800n,
        "delaySeconds": 345600n,
        "futureBlocks": 300n,
        "futureSeconds": 3600n,
      },
      "stakeToken": "0x0000000000000000000000000000000000000000",
      "wasmModuleRoot": "0x8b104a2e80ac6165dc58b9048de12f301d70b02a0ab51396c22b4b4b802a16a4",
    },
    "deployFactoriesToL2": true,
    "maxDataSize": 104857n,
    "maxFeePerGasForRetryables": 100000000n,
    "nativeToken": "0x0000000000000000000000000000000000000000",
    "validators": [
      "0x8E842599F71ABD661737bb3108a53E5b1787c791",
    ],
  },
]
`;

exports[`successfully parses input calldata for a chain created with RollupCreator v2.1 1`] = `
[
  {
    "batchPosterManager": "0x0000000000000000000000000000000000000000",
    "batchPosters": [
      "0x9464aD09CE0d157Efc6c7EefE577C5AA6dEc804D",
      "0xC02386B2D10a37e71145B6A7f5569e1db4604213",
      "0x6C4483f6DCEDb5a758b28D28E11F805bdACFE245",
      "0xf89836dc33f58394fB34B3e690D3829A65C74286",
      "0xd1d25Aeb44E99B35E2d5E7Db961c73ec94f92a24",
      "0xDc4ECA04032b9178020Ff0c6154A7e87309a429f",
      "0xe122F9838A4C8e6834F24D1b9dCa92eb52a8E17e",
      "0xB280Fd59090f3D95588d94BACD22b336dE2278e0",
    ],
    "config": {
      "baseStake": 100000000000000000n,
      "chainConfig": "{\\"homesteadBlock\\":0,\\"daoForkBlock\\":null,\\"daoForkSupport\\":true,\\"eip150Block\\":0,\\"eip150Hash\\":\\"0x0000000000000000000000000000000000000000000000000000000000000000\\",\\"eip155Block\\":0,\\"eip158Block\\":0,\\"byzantiumBlock\\":0,\\"constantinopleBlock\\":0,\\"petersburgBlock\\":0,\\"istanbulBlock\\":0,\\"muirGlacierBlock\\":0,\\"berlinBlock\\":0,\\"londonBlock\\":0,\\"clique\\":{\\"period\\":0,\\"epoch\\":0},\\"arbitrum\\":{\\"EnableArbOS\\":true,\\"AllowDebugPrecompiles\\":false,\\"DataAvailabilityCommittee\\":true,\\"InitialArbOSVersion\\":20,\\"GenesisBlockNum\\":0,\\"MaxCodeSize\\":24576,\\"MaxInitCodeSize\\":49152,\\"InitialChainOwner\\":\\"0x31bAC660fBB4eF1B91409dB42CB4C6e75527d004\\"},\\"chainId\\":32902132974}",
      "chainId": 32902132974n,
      "confirmPeriodBlocks": 150n,
      "extraChallengeTimeBlocks": 0n,
      "genesisBlockNum": 0n,
      "loserStakeEscrow": "0x0000000000000000000000000000000000000000",
      "owner": "0x31bAC660fBB4eF1B91409dB42CB4C6e75527d004",
      "sequencerInboxMaxTimeVariation": {
        "delayBlocks": 28800n,
        "delaySeconds": 345600n,
        "futureBlocks": 300n,
        "futureSeconds": 3600n,
      },
      "stakeToken": "0x0000000000000000000000000000000000000000",
      "wasmModuleRoot": "0x260f5fa5c3176a856893642e149cf128b5a8de9f828afec8d11184415dd8dc69",
    },
    "deployFactoriesToL2": false,
    "maxDataSize": 104857n,
    "maxFeePerGasForRetryables": 100000000n,
    "nativeToken": "0x0000000000000000000000000000000000000000",
    "validators": [
      "0xDBb2c9923b5DE18B151bC55Ed571EDcd1fC7EeB9",
      "0x84B2EFFDd54aA5dce861440Ae9B9D320b043a64c",
      "0x39B4Ce32E557225a401917a701ac4d267648635a",
      "0xe2D0cC872647B1A129B942BbFC980B31E8e94Df2",
    ],
  },
]
`;
