// Vitest Snapshot v1, https://vitest.dev/guide/snapshot.html

exports[`returns default value for confirmPeriodBlocks based on parent chain 1`] = `
{
  "1": 45818n,
  "11155111": 150n,
  "1337": 150n,
  "17000": 150n,
  "412346": 150n,
  "42161": 45818n,
  "421614": 150n,
  "42170": 45818n,
}
`;
