// Vitest Snapshot v1, https://vitest.dev/guide/snapshot.html

exports[`creates a config for a chain on top of a custom parent chain 1`] = `
{
  "baseStake": 100000000000000000n,
  "chainConfig": "{\\"arbitrum\\":{\\"AllowDebugPrecompiles\\":false,\\"DataAvailabilityCommittee\\":false,\\"EnableArbOS\\":true,\\"GenesisBlockNum\\":0,\\"InitialArbOSVersion\\":40,\\"InitialChainOwner\\":\\"0xd8da6bf26964af9d7eed9e03e53415d37aa96045\\",\\"MaxCodeSize\\":24576,\\"MaxInitCodeSize\\":49152},\\"berlinBlock\\":0,\\"byzantiumBlock\\":0,\\"chainId\\":123,\\"clique\\":{\\"epoch\\":0,\\"period\\":0},\\"constantinopleBlock\\":0,\\"daoForkBlock\\":null,\\"daoForkSupport\\":true,\\"eip150Block\\":0,\\"eip150Hash\\":\\"0x0000000000000000000000000000000000000000000000000000000000000000\\",\\"eip155Block\\":0,\\"eip158Block\\":0,\\"homesteadBlock\\":0,\\"istanbulBlock\\":0,\\"londonBlock\\":0,\\"muirGlacierBlock\\":0,\\"petersburgBlock\\":0}",
  "chainId": 123n,
  "confirmPeriodBlocks": 1n,
  "extraChallengeTimeBlocks": 0n,
  "genesisBlockNum": 0n,
  "loserStakeEscrow": "0x0000000000000000000000000000000000000000",
  "owner": "0xd8da6bf26964af9d7eed9e03e53415d37aa96045",
  "sequencerInboxMaxTimeVariation": {
    "delayBlocks": 2n,
    "delaySeconds": 4n,
    "futureBlocks": 3n,
    "futureSeconds": 5n,
  },
  "stakeToken": "0x0000000000000000000000000000000000000000",
  "wasmModuleRoot": "0xdb698a2576298f25448bc092e52cf13b1e24141c997135d70f217d674bbeb69a",
}
`;

exports[`creates config for a chain on top of arbitrum one with defaults 1`] = `
{
  "baseStake": 100000000000000000n,
  "chainConfig": "{\\"arbitrum\\":{\\"AllowDebugPrecompiles\\":false,\\"DataAvailabilityCommittee\\":false,\\"EnableArbOS\\":true,\\"GenesisBlockNum\\":0,\\"InitialArbOSVersion\\":40,\\"InitialChainOwner\\":\\"0xd8da6bf26964af9d7eed9e03e53415d37aa96045\\",\\"MaxCodeSize\\":24576,\\"MaxInitCodeSize\\":49152},\\"berlinBlock\\":0,\\"byzantiumBlock\\":0,\\"chainId\\":69420,\\"clique\\":{\\"epoch\\":0,\\"period\\":0},\\"constantinopleBlock\\":0,\\"daoForkBlock\\":null,\\"daoForkSupport\\":true,\\"eip150Block\\":0,\\"eip150Hash\\":\\"0x0000000000000000000000000000000000000000000000000000000000000000\\",\\"eip155Block\\":0,\\"eip158Block\\":0,\\"homesteadBlock\\":0,\\"istanbulBlock\\":0,\\"londonBlock\\":0,\\"muirGlacierBlock\\":0,\\"petersburgBlock\\":0}",
  "chainId": 69420n,
  "confirmPeriodBlocks": 50400n,
  "extraChallengeTimeBlocks": 0n,
  "genesisBlockNum": 0n,
  "loserStakeEscrow": "0x0000000000000000000000000000000000000000",
  "owner": "0xd8da6bf26964af9d7eed9e03e53415d37aa96045",
  "sequencerInboxMaxTimeVariation": {
    "delayBlocks": 28800n,
    "delaySeconds": 345600n,
    "futureBlocks": 300n,
    "futureSeconds": 3600n,
  },
  "stakeToken": "0x0000000000000000000000000000000000000000",
  "wasmModuleRoot": "0xdb698a2576298f25448bc092e52cf13b1e24141c997135d70f217d674bbeb69a",
}
`;

exports[`creates config for a chain on top of arbitrum one with overrides 1`] = `
{
  "baseStake": 100000000000000000n,
  "chainConfig": "{\\"arbitrum\\":{\\"AllowDebugPrecompiles\\":false,\\"DataAvailabilityCommittee\\":true,\\"EnableArbOS\\":true,\\"GenesisBlockNum\\":0,\\"InitialArbOSVersion\\":20,\\"InitialChainOwner\\":\\"0xd8da6bf26964af9d7eed9e03e53415d37aa96045\\",\\"MaxCodeSize\\":24576,\\"MaxInitCodeSize\\":49152},\\"berlinBlock\\":0,\\"byzantiumBlock\\":0,\\"chainId\\":69420,\\"clique\\":{\\"epoch\\":0,\\"period\\":0},\\"constantinopleBlock\\":0,\\"daoForkBlock\\":null,\\"daoForkSupport\\":true,\\"eip150Block\\":0,\\"eip150Hash\\":\\"0x0000000000000000000000000000000000000000000000000000000000000000\\",\\"eip155Block\\":0,\\"eip158Block\\":0,\\"homesteadBlock\\":0,\\"istanbulBlock\\":0,\\"londonBlock\\":0,\\"muirGlacierBlock\\":0,\\"petersburgBlock\\":0}",
  "chainId": 69420n,
  "confirmPeriodBlocks": 4200n,
  "extraChallengeTimeBlocks": 5n,
  "genesisBlockNum": 0n,
  "loserStakeEscrow": "0x0000000000000000000000000000000000000001",
  "owner": "0xd8da6bf26964af9d7eed9e03e53415d37aa96045",
  "sequencerInboxMaxTimeVariation": {
    "delayBlocks": 200n,
    "delaySeconds": 5n,
    "futureBlocks": 100n,
    "futureSeconds": 1n,
  },
  "stakeToken": "0x0000000000000000000000000000000000000002",
  "wasmModuleRoot": "0xWasmModuleRoot",
}
`;

exports[`creates config for a chain on top of arbitrum sepolia with defaults 1`] = `
{
  "baseStake": 100000000000000000n,
  "chainConfig": "{\\"arbitrum\\":{\\"AllowDebugPrecompiles\\":false,\\"DataAvailabilityCommittee\\":false,\\"EnableArbOS\\":true,\\"GenesisBlockNum\\":0,\\"InitialArbOSVersion\\":40,\\"InitialChainOwner\\":\\"0xd8da6bf26964af9d7eed9e03e53415d37aa96045\\",\\"MaxCodeSize\\":24576,\\"MaxInitCodeSize\\":49152},\\"berlinBlock\\":0,\\"byzantiumBlock\\":0,\\"chainId\\":69420,\\"clique\\":{\\"epoch\\":0,\\"period\\":0},\\"constantinopleBlock\\":0,\\"daoForkBlock\\":null,\\"daoForkSupport\\":true,\\"eip150Block\\":0,\\"eip150Hash\\":\\"0x0000000000000000000000000000000000000000000000000000000000000000\\",\\"eip155Block\\":0,\\"eip158Block\\":0,\\"homesteadBlock\\":0,\\"istanbulBlock\\":0,\\"londonBlock\\":0,\\"muirGlacierBlock\\":0,\\"petersburgBlock\\":0}",
  "chainId": 69420n,
  "confirmPeriodBlocks": 150n,
  "extraChallengeTimeBlocks": 0n,
  "genesisBlockNum": 0n,
  "loserStakeEscrow": "0x0000000000000000000000000000000000000000",
  "owner": "0xd8da6bf26964af9d7eed9e03e53415d37aa96045",
  "sequencerInboxMaxTimeVariation": {
    "delayBlocks": 28800n,
    "delaySeconds": 345600n,
    "futureBlocks": 300n,
    "futureSeconds": 3600n,
  },
  "stakeToken": "0x0000000000000000000000000000000000000000",
  "wasmModuleRoot": "0xdb698a2576298f25448bc092e52cf13b1e24141c997135d70f217d674bbeb69a",
}
`;

exports[`creates config for a chain on top of arbitrum sepolia with overrides 1`] = `
{
  "baseStake": 100000000000000000n,
  "chainConfig": "{\\"arbitrum\\":{\\"AllowDebugPrecompiles\\":false,\\"DataAvailabilityCommittee\\":true,\\"EnableArbOS\\":true,\\"GenesisBlockNum\\":0,\\"InitialArbOSVersion\\":20,\\"InitialChainOwner\\":\\"0xd8da6bf26964af9d7eed9e03e53415d37aa96045\\",\\"MaxCodeSize\\":24576,\\"MaxInitCodeSize\\":49152},\\"berlinBlock\\":0,\\"byzantiumBlock\\":0,\\"chainId\\":69420,\\"clique\\":{\\"epoch\\":0,\\"period\\":0},\\"constantinopleBlock\\":0,\\"daoForkBlock\\":null,\\"daoForkSupport\\":true,\\"eip150Block\\":0,\\"eip150Hash\\":\\"0x0000000000000000000000000000000000000000000000000000000000000000\\",\\"eip155Block\\":0,\\"eip158Block\\":0,\\"homesteadBlock\\":0,\\"istanbulBlock\\":0,\\"londonBlock\\":0,\\"muirGlacierBlock\\":0,\\"petersburgBlock\\":0}",
  "chainId": 69420n,
  "confirmPeriodBlocks": 4200n,
  "extraChallengeTimeBlocks": 5n,
  "genesisBlockNum": 0n,
  "loserStakeEscrow": "0x0000000000000000000000000000000000000001",
  "owner": "0xd8da6bf26964af9d7eed9e03e53415d37aa96045",
  "sequencerInboxMaxTimeVariation": {
    "delayBlocks": 200n,
    "delaySeconds": 5n,
    "futureBlocks": 100n,
    "futureSeconds": 1n,
  },
  "stakeToken": "0x0000000000000000000000000000000000000002",
  "wasmModuleRoot": "0xWasmModuleRoot",
}
`;

exports[`creates config for a chain on top of base sepolia with defaults 1`] = `
{
  "baseStake": 100000000000000000n,
  "chainConfig": "{\\"arbitrum\\":{\\"AllowDebugPrecompiles\\":false,\\"DataAvailabilityCommittee\\":false,\\"EnableArbOS\\":true,\\"GenesisBlockNum\\":0,\\"InitialArbOSVersion\\":40,\\"InitialChainOwner\\":\\"0xd8da6bf26964af9d7eed9e03e53415d37aa96045\\",\\"MaxCodeSize\\":24576,\\"MaxInitCodeSize\\":49152},\\"berlinBlock\\":0,\\"byzantiumBlock\\":0,\\"chainId\\":69420,\\"clique\\":{\\"epoch\\":0,\\"period\\":0},\\"constantinopleBlock\\":0,\\"daoForkBlock\\":null,\\"daoForkSupport\\":true,\\"eip150Block\\":0,\\"eip150Hash\\":\\"0x0000000000000000000000000000000000000000000000000000000000000000\\",\\"eip155Block\\":0,\\"eip158Block\\":0,\\"homesteadBlock\\":0,\\"istanbulBlock\\":0,\\"londonBlock\\":0,\\"muirGlacierBlock\\":0,\\"petersburgBlock\\":0}",
  "chainId": 69420n,
  "confirmPeriodBlocks": 900n,
  "extraChallengeTimeBlocks": 0n,
  "genesisBlockNum": 0n,
  "loserStakeEscrow": "0x0000000000000000000000000000000000000000",
  "owner": "0xd8da6bf26964af9d7eed9e03e53415d37aa96045",
  "sequencerInboxMaxTimeVariation": {
    "delayBlocks": 172800n,
    "delaySeconds": 345600n,
    "futureBlocks": 1800n,
    "futureSeconds": 3600n,
  },
  "stakeToken": "0x0000000000000000000000000000000000000000",
  "wasmModuleRoot": "0xdb698a2576298f25448bc092e52cf13b1e24141c997135d70f217d674bbeb69a",
}
`;

exports[`creates config for a chain on top of base with defaults 1`] = `
{
  "baseStake": 100000000000000000n,
  "chainConfig": "{\\"arbitrum\\":{\\"AllowDebugPrecompiles\\":false,\\"DataAvailabilityCommittee\\":false,\\"EnableArbOS\\":true,\\"GenesisBlockNum\\":0,\\"InitialArbOSVersion\\":40,\\"InitialChainOwner\\":\\"0xd8da6bf26964af9d7eed9e03e53415d37aa96045\\",\\"MaxCodeSize\\":24576,\\"MaxInitCodeSize\\":49152},\\"berlinBlock\\":0,\\"byzantiumBlock\\":0,\\"chainId\\":69420,\\"clique\\":{\\"epoch\\":0,\\"period\\":0},\\"constantinopleBlock\\":0,\\"daoForkBlock\\":null,\\"daoForkSupport\\":true,\\"eip150Block\\":0,\\"eip150Hash\\":\\"0x0000000000000000000000000000000000000000000000000000000000000000\\",\\"eip155Block\\":0,\\"eip158Block\\":0,\\"homesteadBlock\\":0,\\"istanbulBlock\\":0,\\"londonBlock\\":0,\\"muirGlacierBlock\\":0,\\"petersburgBlock\\":0}",
  "chainId": 69420n,
  "confirmPeriodBlocks": 302400n,
  "extraChallengeTimeBlocks": 0n,
  "genesisBlockNum": 0n,
  "loserStakeEscrow": "0x0000000000000000000000000000000000000000",
  "owner": "0xd8da6bf26964af9d7eed9e03e53415d37aa96045",
  "sequencerInboxMaxTimeVariation": {
    "delayBlocks": 172800n,
    "delaySeconds": 345600n,
    "futureBlocks": 1800n,
    "futureSeconds": 3600n,
  },
  "stakeToken": "0x0000000000000000000000000000000000000000",
  "wasmModuleRoot": "0xdb698a2576298f25448bc092e52cf13b1e24141c997135d70f217d674bbeb69a",
}
`;
